// Jest Snapshot v1, https://goo.gl/fbAQLP

exports[`<App/> should be rendered 1`] = `
ShallowWrapper {
  Symbol(enzyme.__root__): [Circular],
  Symbol(enzyme.__unrendered__): <App />,
  Symbol(enzyme.__renderer__): Object {
    "batchedUpdates": [Function],
    "checkPropTypes": [Function],
    "getNode": [Function],
    "render": [Function],
    "simulateError": [Function],
    "simulateEvent": [Function],
    "unmount": [Function],
  },
  Symbol(enzyme.__node__): Object {
    "instance": null,
    "key": undefined,
    "nodeType": "function",
    "props": Object {
      "children": Array [
        <Header
          onGetMovies={[Function]}
          onInputChange={[Function]}
        />,
        <Main
          movies={Array []}
          onSort={[Function]}
          resultTitle=""
        />,
        <Footer>
          <h3
            style={
              Object {
                "width": "100%",
              }
            }
          >
            Hello Footer!
          </h3>
        </Footer>,
      ],
    },
    "ref": null,
    "rendered": Array [
      Object {
        "instance": null,
        "key": undefined,
        "nodeType": "class",
        "props": Object {
          "onGetMovies": [Function],
          "onInputChange": [Function],
        },
        "ref": null,
        "rendered": null,
        "type": [Function],
      },
      Object {
        "instance": null,
        "key": undefined,
        "nodeType": "class",
        "props": Object {
          "movies": Array [],
          "onSort": [Function],
          "resultTitle": "",
        },
        "ref": null,
        "rendered": null,
        "type": [Function],
      },
      Object {
        "instance": null,
        "key": undefined,
        "nodeType": "function",
        "props": Object {
          "children": <h3
            style={
              Object {
                "width": "100%",
              }
            }
          >
            Hello Footer!
          </h3>,
        },
        "ref": null,
        "rendered": Object {
          "instance": null,
          "key": undefined,
          "nodeType": "host",
          "props": Object {
            "children": "Hello Footer!",
            "style": Object {
              "width": "100%",
            },
          },
          "ref": null,
          "rendered": "Hello Footer!",
          "type": "h3",
        },
        "type": [Function],
      },
    ],
    "type": Symbol(react.fragment),
  },
  Symbol(enzyme.__nodes__): Array [
    Object {
      "instance": null,
      "key": undefined,
      "nodeType": "function",
      "props": Object {
        "children": Array [
          <Header
            onGetMovies={[Function]}
            onInputChange={[Function]}
          />,
          <Main
            movies={Array []}
            onSort={[Function]}
            resultTitle=""
          />,
          <Footer>
            <h3
              style={
                Object {
                  "width": "100%",
                }
              }
            >
              Hello Footer!
            </h3>
          </Footer>,
        ],
      },
      "ref": null,
      "rendered": Array [
        Object {
          "instance": null,
          "key": undefined,
          "nodeType": "class",
          "props": Object {
            "onGetMovies": [Function],
            "onInputChange": [Function],
          },
          "ref": null,
          "rendered": null,
          "type": [Function],
        },
        Object {
          "instance": null,
          "key": undefined,
          "nodeType": "class",
          "props": Object {
            "movies": Array [],
            "onSort": [Function],
            "resultTitle": "",
          },
          "ref": null,
          "rendered": null,
          "type": [Function],
        },
        Object {
          "instance": null,
          "key": undefined,
          "nodeType": "function",
          "props": Object {
            "children": <h3
              style={
                Object {
                  "width": "100%",
                }
              }
            >
              Hello Footer!
            </h3>,
          },
          "ref": null,
          "rendered": Object {
            "instance": null,
            "key": undefined,
            "nodeType": "host",
            "props": Object {
              "children": "Hello Footer!",
              "style": Object {
                "width": "100%",
              },
            },
            "ref": null,
            "rendered": "Hello Footer!",
            "type": "h3",
          },
          "type": [Function],
        },
      ],
      "type": Symbol(react.fragment),
    },
  ],
  Symbol(enzyme.__options__): Object {
    "adapter": ReactSixteenAdapter {
      "options": Object {
        "enableComponentDidUpdateOnSetState": true,
        "legacyContextMode": "parent",
        "lifecycles": Object {
          "componentDidUpdate": Object {
            "onSetState": true,
          },
          "getChildContext": Object {
            "calledByRenderer": false,
          },
          "getDerivedStateFromError": true,
          "getDerivedStateFromProps": Object {
            "hasShouldComponentUpdateBug": false,
          },
          "getSnapshotBeforeUpdate": true,
          "setState": Object {
            "skipsComponentDidUpdateOnNullish": true,
          },
        },
      },
    },
  },
  Symbol(enzyme.__childContext__): null,
}
`;
